// Jest Snapshot v1, https://goo.gl/fbAQLP

exports[`App Component matches the snapshot 1`] = `
<View
  style={
    {
      "flex": 1,
    }
  }
  testID="app-root"
/>
`;
